\BOOKMARK [1][-]{section.1}{\376\377\176\352\213\272}{}% 1
\BOOKMARK [2][-]{subsection.1.1}{\376\377\170\024\172\166\200\314\146\157\116\016\141\017\116\111}{section.1}% 2
\BOOKMARK [2][-]{subsection.1.2}{\376\377\170\024\172\166\121\205\133\271\116\016\166\356\150\007}{section.1}% 3
\BOOKMARK [2][-]{subsection.1.3}{\376\377\213\272\145\207\176\304\176\307\176\323\147\204}{section.1}% 4
\BOOKMARK [1][-]{section.2}{\376\377\166\370\121\163\135\345\117\134}{}% 5
\BOOKMARK [2][-]{subsection.2.1}{\376\377\145\340\147\054\117\123\145\160\143\156\221\307\226\306\145\271\154\325}{section.2}% 6
\BOOKMARK [2][-]{subsection.2.2}{\376\377\123\314\201\302\147\072\126\150\116\272\220\145\144\315\117\134\142\200\147\057}{section.2}% 7
\BOOKMARK [2][-]{subsection.2.3}{\376\377\152\041\116\377\133\146\116\140\173\126\165\145}{section.2}% 8
\BOOKMARK [2][-]{subsection.2.4}{\376\377\145\160\143\156\215\050\221\317\213\304\117\060\145\271\154\325}{section.2}% 9
\BOOKMARK [1][-]{section.3}{\376\377\170\154\116\366\174\373\176\337\116\016\145\160\143\156\221\307\226\306}{}% 10
\BOOKMARK [2][-]{subsection.3.1}{\376\377\137\025\212\000\377\032\225\177\172\013\116\373\122\241\166\204\211\306\211\322\227\000\154\102}{section.3}% 11
\BOOKMARK [2][-]{subsection.3.2}{\376\377\173\054\116\011\211\306\211\322\166\370\147\072\220\011\127\213}{section.3}% 12
\BOOKMARK [3][-]{subsubsection.3.2.1}{\376\377\116\072\116\300\116\110\227\000\211\201\173\054\116\011\211\306\211\322}{subsection.3.2}% 13
\BOOKMARK [3][-]{subsubsection.3.2.2}{\376\377\120\031\220\011\145\271\150\110\213\304\117\060}{subsection.3.2}% 14
\BOOKMARK [3][-]{subsubsection.3.2.3}{\376\377\145\271\150\110\220\011\142\351\116\016\136\224\165\050}{subsection.3.2}% 15
\BOOKMARK [2][-]{subsection.3.3}{\376\377\131\032\117\040\141\037\126\150\145\160\143\156\124\014\153\145}{section.3}% 16
\BOOKMARK [3][-]{subsubsection.3.3.1}{\376\377\000D\0004\0003\0005\000\040\000R\000O\000S\145\366\225\364\124\014\153\145}{subsection.3.3}% 17
\BOOKMARK [3][-]{subsubsection.3.3.2}{\376\377\000N\000a\000n\000o\131\064\142\064\166\370\147\072\124\014\153\145\143\242\175\042}{subsection.3.3}% 18
\BOOKMARK [2][-]{subsection.3.4}{\376\377\174\373\176\337\133\236\163\260\116\016\140\047\200\375}{section.3}% 19
\BOOKMARK [3][-]{subsubsection.3.4.1}{\376\377\172\357\122\060\172\357\145\160\143\156\155\101\172\013}{subsection.3.4}% 20
\BOOKMARK [3][-]{subsubsection.3.4.2}{\376\377\174\373\176\337\140\047\200\375\143\007\150\007}{subsection.3.4}% 21
\BOOKMARK [3][-]{subsubsection.3.4.3}{\376\377\121\163\225\056\225\356\230\230\116\016\211\343\121\263}{subsection.3.4}% 22
\BOOKMARK [3][-]{subsubsection.3.4.4}{\376\377\133\371\153\324\136\163\123\360}{subsection.3.4}% 23
\BOOKMARK [1][-]{section.4}{\376\377\145\160\143\156\131\004\164\006\116\016\215\050\221\317\232\214\213\301}{}% 24
\BOOKMARK [2][-]{subsection.4.1}{\376\377\137\025\212\000\377\032\126\152\130\360\145\160\143\156\166\204\143\021\142\030}{section.4}% 25
\BOOKMARK [2][-]{subsection.4.2}{\376\377\145\160\143\156\230\204\131\004\164\006}{section.4}% 26
\BOOKMARK [3][-]{subsubsection.4.2.1}{\376\377\150\074\137\017\217\154\143\142\377\032\000r\000o\000s\000b\000a\000g\122\060\000m\000p\0004\000+\000j\000s\000o\000n}{subsection.4.2}% 27
\BOOKMARK [3][-]{subsubsection.4.2.2}{\376\377\226\115\221\307\150\067\377\032\143\320\123\107\133\146\116\140\145\110\163\207}{subsection.4.2}% 28
\BOOKMARK [3][-]{subsubsection.4.2.3}{\376\377\145\366\225\364\133\371\237\120}{subsection.4.2}% 29
\BOOKMARK [2][-]{subsection.4.3}{\376\377\145\160\143\156\173\133\220\011\147\072\122\066}{section.4}% 30
\BOOKMARK [3][-]{subsubsection.4.3.1}{\376\377\173\133\220\011\211\304\122\031\213\276\213\241}{subsection.4.3}% 31
\BOOKMARK [3][-]{subsubsection.4.3.2}{\376\377\173\133\220\011\155\101\172\013\116\016\133\236\145\275}{subsection.4.3}% 32
\BOOKMARK [2][-]{subsection.4.4}{\376\377\145\160\143\156\215\050\221\317\123\357\211\306\123\026\122\006\147\220}{section.4}% 33
\BOOKMARK [3][-]{subsubsection.4.4.1}{\376\377\217\150\217\371\166\370\117\074\140\047\122\006\147\220}{subsection.4.4}% 34
\BOOKMARK [3][-]{subsubsection.4.4.2}{\376\377\126\376\120\317\000-\122\250\117\134\117\235\215\126\140\047\122\006\147\220}{subsection.4.4}% 35
\BOOKMARK [3][-]{subsubsection.4.4.3}{\376\377\000V\000L\000M\210\150\137\201\172\172\225\364\122\006\147\220}{subsection.4.4}% 36
\BOOKMARK [3][-]{subsubsection.4.4.4}{\376\377\131\032\211\306\211\322\377\010\116\011\211\306\211\322\377\011\135\114\121\145\116\000\201\364\140\047\122\006\147\220}{subsection.4.4}% 37
\BOOKMARK [3][-]{subsubsection.4.4.5}{\376\377\145\160\143\156\122\006\136\003\123\357\211\306\123\026}{subsection.4.4}% 38
\BOOKMARK [2][-]{subsection.4.5}{\376\377\137\122\116\000\123\026\173\126\165\145\116\016\145\160\143\156\130\236\137\072}{section.4}% 39
\BOOKMARK [3][-]{subsubsection.4.5.1}{\376\377\137\122\116\000\123\026\145\271\154\325\133\371\153\324}{subsection.4.5}% 40
\BOOKMARK [3][-]{subsubsection.4.5.2}{\376\377\145\160\143\156\130\236\137\072\173\126\165\145}{subsection.4.5}% 41
\BOOKMARK [2][-]{subsection.4.6}{\376\377\147\054\172\340\134\017\176\323}{section.4}% 42
\BOOKMARK [1][-]{section.5}{\376\377\152\041\127\213\213\255\176\303\116\016\117\341\140\157\135\114\121\145}{}% 43
\BOOKMARK [2][-]{subsection.5.1}{\376\377\137\025\212\000\377\032\145\340\147\054\117\123\145\160\143\156\166\204\117\341\140\157\135\114\121\145\143\021\142\030}{section.5}% 44
\BOOKMARK [2][-]{subsection.5.2}{\376\377\217\223\121\145\213\276\213\241}{section.5}% 45
\BOOKMARK [3][-]{subsubsection.5.2.1}{\376\377\217\223\121\145\221\115\177\156\133\371\153\324\133\236\232\214}{subsection.5.2}% 46
\BOOKMARK [3][-]{subsubsection.5.2.2}{\376\377\123\315\166\364\211\311\166\204\123\321\163\260\116\016\122\006\147\220}{subsection.5.2}% 47
\BOOKMARK [2][-]{subsection.5.3}{\376\377\162\266\140\001\210\150\171\072\143\242\175\042}{section.5}% 48
\BOOKMARK [3][-]{subsubsection.5.3.1}{\376\377\000A\000r\000U\000c\000o\170\001\145\271\150\110\134\035\213\325}{subsection.5.3}% 49
\BOOKMARK [2][-]{subsection.5.4}{\376\377\000A\000c\000t\000i\000o\000n\210\150\171\072\220\011\142\351\377\010\150\070\137\303\377\011}{section.5}% 50
\BOOKMARK [3][-]{subsubsection.5.4.1}{\376\377\145\340\147\054\117\123\221\307\226\306\166\204\162\171\153\212\143\021\142\030\377\032\177\072\134\021\126\372\133\232\000b\000a\000s\000e\000l\000i\000n\000k}{subsection.5.4}% 51
\BOOKMARK [3][-]{subsubsection.5.4.2}{\376\377\000A\000c\000t\000i\000o\000n\210\150\171\072\145\271\150\110\133\371\153\324}{subsection.5.4}% 52
\BOOKMARK [3][-]{subsubsection.5.4.3}{\376\377\121\167\117\123\133\236\163\260}{subsection.5.4}% 53
\BOOKMARK [3][-]{subsubsection.5.4.4}{\376\377\145\271\150\110\147\011\145\110\140\047\232\214\213\301}{subsection.5.4}% 54
\BOOKMARK [2][-]{subsection.5.5}{\376\377\213\255\176\303\173\126\165\145\116\016\220\350\177\162}{section.5}% 55
\BOOKMARK [3][-]{subsubsection.5.5.1}{\376\377\137\256\214\003\221\115\177\156}{subsection.5.5}% 56
\BOOKMARK [3][-]{subsubsection.5.5.2}{\376\377\173\126\165\145\147\015\122\241\220\350\177\162}{subsection.5.5}% 57
\BOOKMARK [3][-]{subsubsection.5.5.3}{\376\377\213\255\176\303\217\307\172\013\116\055\166\204\225\356\230\230\116\016\211\343\121\263}{subsection.5.5}% 58
\BOOKMARK [2][-]{subsection.5.6}{\376\377\116\316\221\307\226\306\122\060\220\350\177\162\166\204\225\355\163\257}{section.5}% 59
\BOOKMARK [2][-]{subsection.5.7}{\376\377\147\054\172\340\134\017\176\323}{section.5}% 60
\BOOKMARK [1][-]{section.6}{\376\377\133\236\232\214\232\214\213\301\116\016\000P\000i\000p\000e\000l\000i\000n\000e\117\123\163\260}{}% 61
\BOOKMARK [2][-]{subsection.6.1}{\376\377\133\236\232\214\116\373\122\241\213\276\213\241}{section.6}% 62
\BOOKMARK [3][-]{subsubsection.6.1.1}{\376\377\116\373\122\241\116\000\377\032\142\377\145\076\147\157\133\120\377\010\000p\000i\000c\000k\000-\000p\000l\000a\000c\000e\000-\000c\000u\000p\377\011}{subsection.6.1}% 63
\BOOKMARK [3][-]{subsubsection.6.1.2}{\376\377\116\373\122\241\116\214\377\032\116\012\215\047\377\010\000s\000t\000o\000c\000k\000-\000s\000h\000e\000l\000v\000e\000s\377\011}{subsection.6.1}% 64
\BOOKMARK [3][-]{subsubsection.6.1.3}{\376\377\116\373\122\241\116\011\377\032\137\000\173\024\213\260\147\054\377\010\000o\000p\000e\000n\000-\000l\000a\000p\000t\000o\000p\377\011}{subsection.6.1}% 65
\BOOKMARK [2][-]{subsection.6.2}{\376\377\123\125\201\302\116\373\122\241\232\214\213\301}{section.6}% 66
\BOOKMARK [3][-]{subsubsection.6.2.1}{\376\377\133\236\232\214\213\276\177\156}{subsection.6.2}% 67
\BOOKMARK [3][-]{subsubsection.6.2.2}{\376\377\145\160\143\156\211\304\152\041\133\371\140\047\200\375\166\204\137\161\124\315}{subsection.6.2}% 68
\BOOKMARK [3][-]{subsubsection.6.2.3}{\376\377\217\223\121\145\221\115\177\156\133\371\153\324\377\032\176\257\126\376\120\317\000\040\000v\000s\000\040\126\376\120\317\000+\000S\000t\000a\000t\000e}{subsection.6.2}% 69
\BOOKMARK [3][-]{subsubsection.6.2.4}{\376\377\215\350\136\163\123\360\133\371\153\324\377\032\220\145\144\315\000\040\000v\000s\000\040\145\340\147\054\117\123}{subsection.6.2}% 70
\BOOKMARK [3][-]{subsubsection.6.2.5}{\376\377\137\000\173\024\213\260\147\054\116\373\122\241\377\032\232\330\226\276\136\246\116\373\122\241\232\214\213\301}{subsection.6.2}% 71
\BOOKMARK [2][-]{subsection.6.3}{\376\377\123\314\201\302\116\373\122\241\143\242\175\042}{section.6}% 72
\BOOKMARK [3][-]{subsubsection.6.3.1}{\376\377\000h\000a\000n\000d\000o\000v\000e\000r\116\373\122\241\213\276\213\241}{subsection.6.3}% 73
\BOOKMARK [3][-]{subsubsection.6.3.2}{\376\377\145\160\143\156\221\307\226\306\116\016\213\255\176\303}{subsection.6.3}% 74
\BOOKMARK [3][-]{subsubsection.6.3.3}{\376\377\133\236\232\214\176\323\147\234}{subsection.6.3}% 75
\BOOKMARK [3][-]{subsubsection.6.3.4}{\376\377\131\061\215\045\152\041\137\017\122\006\147\220}{subsection.6.3}% 76
\BOOKMARK [2][-]{subsection.6.4}{\376\377\213\255\176\303\217\307\172\013\116\055\166\204\121\163\225\056\225\356\230\230\116\016\211\343\121\263}{section.6}% 77
\BOOKMARK [3][-]{subsubsection.6.4.1}{\376\377\137\122\116\000\123\026\145\271\154\325\220\011\142\351}{subsection.6.4}% 78
\BOOKMARK [3][-]{subsubsection.6.4.2}{\376\377\145\313\217\154\210\150\171\072\220\011\142\351}{subsection.6.4}% 79
\BOOKMARK [3][-]{subsubsection.6.4.3}{\376\377\145\160\143\156\122\006\136\003\225\356\230\230}{subsection.6.4}% 80
\BOOKMARK [2][-]{subsection.6.5}{\376\377\133\236\232\214\140\073\176\323}{section.6}% 81
\BOOKMARK [3][-]{subsubsection.6.5.1}{\376\377\116\073\211\201\176\323\213\272}{subsection.6.5}% 82
\BOOKMARK [3][-]{subsubsection.6.5.2}{\376\377\145\160\143\156\145\110\163\207\140\073\176\323}{subsection.6.5}% 83
\BOOKMARK [3][-]{subsubsection.6.5.3}{\376\377\147\052\147\145\145\071\217\333\145\271\124\021}{subsection.6.5}% 84
\BOOKMARK [1][-]{section.7}{\376\377\176\323\213\272\116\016\134\125\147\033}{}% 85
\BOOKMARK [2][-]{subsection.7.1}{\376\377\135\345\117\134\140\073\176\323}{section.7}% 86
\BOOKMARK [3][-]{subsubsection.7.1.1}{\376\377\211\343\121\263\211\306\211\322\167\333\166\376\377\032\173\054\116\011\211\306\211\322\221\307\226\306\174\373\176\337}{subsection.7.1}% 87
\BOOKMARK [3][-]{subsubsection.7.1.2}{\376\377\211\343\121\263\126\152\130\360\136\162\142\160\377\032\145\160\143\156\131\004\164\006\116\016\215\050\221\317\232\214\213\301}{subsection.7.1}% 88
\BOOKMARK [3][-]{subsubsection.7.1.3}{\376\377\211\343\121\263\117\341\140\157\135\114\121\145\377\032\145\340\147\054\117\123\145\160\143\156\166\204\147\011\145\110\122\051\165\050}{subsection.7.1}% 89
\BOOKMARK [2][-]{subsection.7.2}{\376\377\116\073\211\201\215\041\163\056}{section.7}% 90
\BOOKMARK [2][-]{subsection.7.3}{\376\377\134\100\226\120\116\016\134\125\147\033}{section.7}% 91
\BOOKMARK [3][-]{subsubsection.7.3.1}{\376\377\137\123\122\115\134\100\226\120}{subsection.7.3}% 92
\BOOKMARK [3][-]{subsubsection.7.3.2}{\376\377\147\052\147\145\170\024\172\166\145\271\124\021}{subsection.7.3}% 93
\BOOKMARK [2][-]{subsection.7.4}{\376\377\176\323\213\355}{section.7}% 94
\BOOKMARK [1][-]{section*.20}{\376\377\201\364\214\042}{}% 95
